Execution failed on sql 'SELECT * FROM sentiment WHERE tweet LIKFE %royal% ORDER BY unix DESC LIMIT 1000': near "LIKFE": syntax error
Execution failed on sql 'SELECT * FROM sentiment WHERE tweet LIKFE %royal% ORDER BY unix DESC LIMIT 1000': near "LIKFE": syntax error
Execution failed on sql 'SELECT * FROM sentiment WHERE tweet LIKFE %royal% ORDER BY unix DESC LIMIT 1000': near "LIKFE": syntax error
Execution failed on sql 'SELECT * FROM sentiment WHERE tweet LIKFE %royal% ORDER BY unix DESC LIMIT 1000': near "LIKFE": syntax error
Execution failed on sql 'SELECT * FROM sentiment WHERE tweet LIKFE %royal% ORDER BY unix DESC LIMIT 1000': near "LIKFE": syntax error
Execution failed on sql 'SELECT * FROM sentiment WHERE tweet LIKFE %royal% ORDER BY unix DESC LIMIT 1000': near "LIKFE": syntax error
Execution failed on sql 'SELECT * FROM sentiment WHERE tweet LIKFE %royal% ORDER BY unix DESC LIMIT 1000': near "LIKFE": syntax error
Execution failed on sql 'SELECT * FROM sentiment WHERE tweet LIKFE %royal% ORDER BY unix DESC LIMIT 1000': near "LIKFE": syntax error
Execution failed on sql 'SELECT * FROM sentiment WHERE tweet LIKFE %royal% ORDER BY unix DESC LIMIT 1000': near "LIKFE": syntax error
Execution failed on sql 'SELECT * FROM sentiment WHERE tweet LIKFE %royal% ORDER BY unix DESC LIMIT 1000': near "LIKFE": syntax error
Execution failed on sql 'SELECT * FROM sentiment WHERE tweet LIKFE %royal% ORDER BY unix DESC LIMIT 1000': near "LIKFE": syntax error
Execution failed on sql 'SELECT * FROM sentiment WHERE tweet LIKFE %royal% ORDER BY unix DESC LIMIT 1000': near "LIKFE": syntax error
Execution failed on sql 'SELECT * FROM sentiment WHERE tweet LIKFE %royal% ORDER BY unix DESC LIMIT 1000': near "LIKFE": syntax error
Execution failed on sql 'SELECT * FROM sentiment WHERE tweet LIKFE %royal% ORDER BY unix DESC LIMIT 1000': near "LIKFE": syntax error
Execution failed on sql 'SELECT * FROM sentiment WHERE tweet LIKFE %royal% ORDER BY unix DESC LIMIT 1000': near "LIKFE": syntax error
Execution failed on sql 'SELECT * FROM sentiment WHERE tweet LIKFE %royal% ORDER BY unix DESC LIMIT 1000': near "LIKFE": syntax error
min() arg is an empty sequence
min() arg is an empty sequence
min() arg is an empty sequence
min() arg is an empty sequence
min() arg is an empty sequence
min() arg is an empty sequence
min() arg is an empty sequence
min() arg is an empty sequence
min() arg is an empty sequence
min() arg is an empty sequence
min() arg is an empty sequence
min() arg is an empty sequence
min() arg is an empty sequence
min() arg is an empty sequence
min() arg is an empty sequence
min() arg is an empty sequence
min() arg is an empty sequence
min() arg is an empty sequence
min() arg is an empty sequence
min() arg is an empty sequence
min() arg is an empty sequence
min() arg is an empty sequence
min() arg is an empty sequence
min() arg is an empty sequence
min() arg is an empty sequence
min() arg is an empty sequence
min() arg is an empty sequence
min() arg is an empty sequence
min() arg is an empty sequence
min() arg is an empty sequence
min() arg is an empty sequence
min() arg is an empty sequence
min() arg is an empty sequence
min() arg is an empty sequence
min() arg is an empty sequence
min() arg is an empty sequence
min() arg is an empty sequence
min() arg is an empty sequence
min() arg is an empty sequence
min() arg is an empty sequence
min() arg is an empty sequence
min() arg is an empty sequence
min() arg is an empty sequence
min() arg is an empty sequence
min() arg is an empty sequence
min() arg is an empty sequence
min() arg is an empty sequence
min() arg is an empty sequence
